xmelab(64): 22.03-s012: (c) Copyright 1995-2023 Cadence Design Systems, Inc.
TOOL:	xmelab(64)	22.03-s012: Started on Sep 30, 2026 at 19:13:02 KST
xmelab
    -MESS
    -access rwc
    tb_interrupt_controller

	Elaborating the design hierarchy:
		Caching library 'work_lib' ....... Done
	Building instance overlay tables: .................... Done
	Generating native compiled code:
		work_lib.interrupt_controller:module <0x38db2e05>
			streams:   1, words:  4772
		work_lib.tb_interrupt_controller:module <0x02e209b1>
			streams:   5, words:  9049
	Building instance specific data structures.
	Loading native compiled code:     .................... Done
	Design hierarchy summary:
		                 Instances  Unique
		Modules:                 2       2
		Registers:               5       5
		Scalar wires:            2       -
		Vectored wires:          2       -
		Always blocks:           1       1
		Initial blocks:          2       2
		Pseudo assignments:      2       2
		Simulation timescale:  1ps
	Writing initial simulation snapshot: work_lib.tb_interrupt_controller:module
TOOL:	xmelab(64)	22.03-s012: Exiting on Sep 30, 2026 at 19:13:02 KST  (total: 00:00:00)
