xmsim(64): 22.03-s012: (c) Copyright 1995-2023 Cadence Design Systems, Inc.
TOOL:	xmsim(64)	22.03-s012: Started on Sep 30, 2026 at 19:13:02 KST
xmsim
    -MESS
    tb_interrupt_controller

Loading snapshot work_lib.tb_interrupt_controller:module .................... Done
xcelium> run
Time=0 | i_int=00000000 | i_int_ack=0 | o_int_id=000 | o_int_req=0
Time=10000 | i_int=00000001 | i_int_ack=0 | o_int_id=000 | o_int_req=1
Time=20000 | i_int=00100000 | i_int_ack=0 | o_int_id=101 | o_int_req=1
Time=30000 | i_int=10000000 | i_int_ack=0 | o_int_id=111 | o_int_req=1
Time=40000 | i_int=10000000 | i_int_ack=1 | o_int_id=000 | o_int_req=0
Time=50000 | i_int=10000000 | i_int_ack=0 | o_int_id=111 | o_int_req=1
Time=60000 | i_int=01000010 | i_int_ack=0 | o_int_id=110 | o_int_req=1
Time=70000 | i_int=01000010 | i_int_ack=1 | o_int_id=000 | o_int_req=0
Time=80000 | i_int=01000010 | i_int_ack=0 | o_int_id=110 | o_int_req=1
Time=90000 | i_int=00000000 | i_int_ack=0 | o_int_id=000 | o_int_req=0
Simulation complete via $finish(1) at time 110 NS + 0
./tb_interrupt_controller.v:50     #20 $finish;             
xcelium> exit
TOOL:	xmsim(64)	22.03-s012: Exiting on Sep 30, 2026 at 19:13:02 KST  (total: 00:00:00)
