xmelab(64): 22.03-s012: (c) Copyright 1995-2023 Cadence Design Systems, Inc.
TOOL:	xmelab(64)	22.03-s012: Started on Oct 01, 2026 at 21:56:03 KST
xmelab
    -MESS
    -access rwc
    tb_bidirectional_bus_driver

	Elaborating the design hierarchy:
		Caching library 'work_lib' ....... Done
	Building instance overlay tables: .................... Done
	Generating native compiled code:
		work_lib.bidirectional_bus_driver:module <0x05e5ae10>
			streams:   2, words:  1108
		work_lib.tb_bidirectional_bus_driver:module <0x28f29c41>
			streams:   6, words:  9077
	Building instance specific data structures.
	Loading native compiled code:     .................... Done
	Design hierarchy summary:
		                 Instances  Unique
		Modules:                 2       2
		Resolved nets:           0       1
		Registers:               5       5
		Scalar wires:            2       -
		Vectored wires:          5       -
		Always blocks:           1       1
		Initial blocks:          1       1
		Cont. assignments:       2       2
		Pseudo assignments:      3       3
		Simulation timescale:  1ps
	Writing initial simulation snapshot: work_lib.tb_bidirectional_bus_driver:module
TOOL:	xmelab(64)	22.03-s012: Exiting on Oct 01, 2026 at 21:56:03 KST  (total: 00:00:00)
