xmelab(64): 22.03-s012: (c) Copyright 1995-2023 Cadence Design Systems, Inc.
TOOL:	xmelab(64)	22.03-s012: Started on Oct 01, 2026 at 15:29:19 KST
xmelab
    -MESS
    -access rwc
    tb_data_bus_driver

	Elaborating the design hierarchy:
		Caching library 'work_lib' ....... Done
	Building instance overlay tables: .................... Done
	Generating native compiled code:
		work_lib.data_bus_driver:module <0x7c7e99c5>
			streams:   1, words:   549
		work_lib.tb_data_bus_driver:module <0x05f35950>
			streams:  19, words: 10950
	Building instance specific data structures.
	Loading native compiled code:     .................... Done
	Design hierarchy summary:
		                 Instances  Unique
		Modules:                 2       2
		Registers:               4       4
		Scalar wires:            2       -
		Vectored wires:          3       -
		Initial blocks:          2       2
		Cont. assignments:       1       1
		Pseudo assignments:      4       4
		Simulation timescale:  1ps
	Writing initial simulation snapshot: work_lib.tb_data_bus_driver:module
TOOL:	xmelab(64)	22.03-s012: Exiting on Oct 01, 2026 at 15:29:19 KST  (total: 00:00:00)
