xmsim(64): 22.03-s012: (c) Copyright 1995-2023 Cadence Design Systems, Inc.
TOOL:	xmsim(64)	22.03-s012: Started on Oct 02, 2026 at 22:04:42 KST
xmsim
    -MESS
    tb_fdivider

Loading snapshot work_lib.tb_fdivider:module .................... Done
xcelium> run
Time=5000, clk_in=1, clk_out=0
Time=15000, clk_in=1, clk_out=0
Time=25000, clk_in=1, clk_out=0
Time=35000, clk_in=1, clk_out=0
Time=45000, clk_in=1, clk_out=0
Time=55000, clk_in=1, clk_out=0
Time=65000, clk_in=1, clk_out=0
Time=75000, clk_in=1, clk_out=1
Time=85000, clk_in=1, clk_out=1
Time=95000, clk_in=1, clk_out=1
Time=105000, clk_in=1, clk_out=1
Time=115000, clk_in=1, clk_out=1
Time=125000, clk_in=1, clk_out=0
Time=135000, clk_in=1, clk_out=0
Time=145000, clk_in=1, clk_out=0
Time=155000, clk_in=1, clk_out=0
Time=165000, clk_in=1, clk_out=0
Time=175000, clk_in=1, clk_out=1
Time=185000, clk_in=1, clk_out=1
Time=195000, clk_in=1, clk_out=1
Time=205000, clk_in=1, clk_out=1
Time=215000, clk_in=1, clk_out=1
Time=225000, clk_in=1, clk_out=0
Time=235000, clk_in=1, clk_out=0
Time=245000, clk_in=1, clk_out=0
Time=255000, clk_in=1, clk_out=0
Time=265000, clk_in=1, clk_out=0
Time=275000, clk_in=1, clk_out=1
Time=285000, clk_in=1, clk_out=1
Time=295000, clk_in=1, clk_out=1
Time=305000, clk_in=1, clk_out=1
Time=315000, clk_in=1, clk_out=1
Time=325000, clk_in=1, clk_out=0
Time=335000, clk_in=1, clk_out=0
Time=345000, clk_in=1, clk_out=0
Time=355000, clk_in=1, clk_out=0
Time=365000, clk_in=1, clk_out=0
Time=375000, clk_in=1, clk_out=1
Time=385000, clk_in=1, clk_out=1
Time=395000, clk_in=1, clk_out=1
Time=405000, clk_in=1, clk_out=1
Time=415000, clk_in=1, clk_out=1
Time=425000, clk_in=1, clk_out=0
Time=435000, clk_in=1, clk_out=0
Time=445000, clk_in=1, clk_out=0
Time=455000, clk_in=1, clk_out=0
Time=465000, clk_in=1, clk_out=0
Time=475000, clk_in=1, clk_out=1
Time=485000, clk_in=1, clk_out=1
Time=495000, clk_in=1, clk_out=1
Time=505000, clk_in=1, clk_out=1
Time=515000, clk_in=1, clk_out=1
Time=525000, clk_in=1, clk_out=0
Time=535000, clk_in=1, clk_out=0
Time=545000, clk_in=1, clk_out=0
Time=555000, clk_in=1, clk_out=0
Time=565000, clk_in=1, clk_out=0
Time=575000, clk_in=1, clk_out=1
Time=585000, clk_in=1, clk_out=1
Time=595000, clk_in=1, clk_out=1
Time=605000, clk_in=1, clk_out=1
Time=615000, clk_in=1, clk_out=1
Time=625000, clk_in=1, clk_out=0
Time=635000, clk_in=1, clk_out=0
Time=645000, clk_in=1, clk_out=0
Time=655000, clk_in=1, clk_out=0
Time=665000, clk_in=1, clk_out=0
Time=675000, clk_in=1, clk_out=1
Time=685000, clk_in=1, clk_out=1
Time=695000, clk_in=1, clk_out=1
Time=705000, clk_in=1, clk_out=1
Time=715000, clk_in=1, clk_out=1
Time=725000, clk_in=1, clk_out=0
Time=735000, clk_in=1, clk_out=0
Time=745000, clk_in=1, clk_out=0
Time=755000, clk_in=1, clk_out=0
Time=765000, clk_in=1, clk_out=0
Time=775000, clk_in=1, clk_out=1
Time=785000, clk_in=1, clk_out=1
Time=795000, clk_in=1, clk_out=1
Time=805000, clk_in=1, clk_out=1
Time=815000, clk_in=1, clk_out=1
Time=825000, clk_in=1, clk_out=0
Time=835000, clk_in=1, clk_out=0
Time=845000, clk_in=1, clk_out=0
Time=855000, clk_in=1, clk_out=0
Time=865000, clk_in=1, clk_out=0
Time=875000, clk_in=1, clk_out=1
Time=885000, clk_in=1, clk_out=1
Time=895000, clk_in=1, clk_out=1
Time=905000, clk_in=1, clk_out=1
Time=915000, clk_in=1, clk_out=1
Time=925000, clk_in=1, clk_out=0
Time=935000, clk_in=1, clk_out=0
Time=945000, clk_in=1, clk_out=0
Time=955000, clk_in=1, clk_out=0
Time=965000, clk_in=1, clk_out=0
Time=975000, clk_in=1, clk_out=1
Time=985000, clk_in=1, clk_out=1
Time=995000, clk_in=1, clk_out=1
Time=1005000, clk_in=1, clk_out=1
Time=1015000, clk_in=1, clk_out=1
Time=1025000, clk_in=1, clk_out=0
Time=1035000, clk_in=1, clk_out=0
Time=1045000, clk_in=1, clk_out=0
Time=1055000, clk_in=1, clk_out=0
Time=1065000, clk_in=1, clk_out=0
Time=1075000, clk_in=1, clk_out=1
Time=1085000, clk_in=1, clk_out=1
Time=1095000, clk_in=1, clk_out=1
Time=1105000, clk_in=1, clk_out=1
Time=1115000, clk_in=1, clk_out=1
Time=1125000, clk_in=1, clk_out=0
Time=1135000, clk_in=1, clk_out=0
Time=1145000, clk_in=1, clk_out=0
Time=1155000, clk_in=1, clk_out=0
Time=1165000, clk_in=1, clk_out=0
Time=1175000, clk_in=1, clk_out=1
Time=1185000, clk_in=1, clk_out=1
Time=1195000, clk_in=1, clk_out=1
Time=1205000, clk_in=1, clk_out=1
Time=1215000, clk_in=1, clk_out=1
Time=1225000, clk_in=1, clk_out=0
Time=1235000, clk_in=1, clk_out=0
Time=1245000, clk_in=1, clk_out=0
Time=1255000, clk_in=1, clk_out=0
Time=1265000, clk_in=1, clk_out=0
Time=1275000, clk_in=1, clk_out=1
Time=1285000, clk_in=1, clk_out=1
Time=1295000, clk_in=1, clk_out=1
Time=1305000, clk_in=1, clk_out=1
Time=1315000, clk_in=1, clk_out=1
Time=1325000, clk_in=1, clk_out=0
Time=1335000, clk_in=1, clk_out=0
Time=1345000, clk_in=1, clk_out=0
Time=1355000, clk_in=1, clk_out=0
Time=1365000, clk_in=1, clk_out=0
Time=1375000, clk_in=1, clk_out=1
Time=1385000, clk_in=1, clk_out=1
Time=1395000, clk_in=1, clk_out=1
Time=1405000, clk_in=1, clk_out=1
Time=1415000, clk_in=1, clk_out=1
Time=1425000, clk_in=1, clk_out=0
Time=1435000, clk_in=1, clk_out=0
Time=1445000, clk_in=1, clk_out=0
Time=1455000, clk_in=1, clk_out=0
Time=1465000, clk_in=1, clk_out=0
Time=1475000, clk_in=1, clk_out=1
Time=1485000, clk_in=1, clk_out=1
Time=1495000, clk_in=1, clk_out=1
Time=1505000, clk_in=1, clk_out=1
Time=1515000, clk_in=1, clk_out=1
Time=1525000, clk_in=1, clk_out=0
Time=1535000, clk_in=1, clk_out=0
Time=1545000, clk_in=1, clk_out=0
Time=1555000, clk_in=1, clk_out=0
Time=1565000, clk_in=1, clk_out=0
Time=1575000, clk_in=1, clk_out=1
Time=1585000, clk_in=1, clk_out=1
Time=1595000, clk_in=1, clk_out=1
Time=1605000, clk_in=1, clk_out=1
Time=1615000, clk_in=1, clk_out=1
Time=1625000, clk_in=1, clk_out=0
Time=1635000, clk_in=1, clk_out=0
Time=1645000, clk_in=1, clk_out=0
Time=1655000, clk_in=1, clk_out=0
Time=1665000, clk_in=1, clk_out=0
Time=1675000, clk_in=1, clk_out=1
Time=1685000, clk_in=1, clk_out=1
Time=1695000, clk_in=1, clk_out=1
Time=1705000, clk_in=1, clk_out=1
Time=1715000, clk_in=1, clk_out=1
Time=1725000, clk_in=1, clk_out=0
Time=1735000, clk_in=1, clk_out=0
Time=1745000, clk_in=1, clk_out=0
Time=1755000, clk_in=1, clk_out=0
Time=1765000, clk_in=1, clk_out=0
Time=1775000, clk_in=1, clk_out=1
Time=1785000, clk_in=1, clk_out=1
Time=1795000, clk_in=1, clk_out=1
Time=1805000, clk_in=1, clk_out=1
Time=1815000, clk_in=1, clk_out=1
Time=1825000, clk_in=1, clk_out=0
Time=1835000, clk_in=1, clk_out=0
Time=1845000, clk_in=1, clk_out=0
Time=1855000, clk_in=1, clk_out=0
Time=1865000, clk_in=1, clk_out=0
Time=1875000, clk_in=1, clk_out=1
Time=1885000, clk_in=1, clk_out=1
Time=1895000, clk_in=1, clk_out=1
Time=1905000, clk_in=1, clk_out=1
Time=1915000, clk_in=1, clk_out=1
Time=1925000, clk_in=1, clk_out=0
Time=1935000, clk_in=1, clk_out=0
Time=1945000, clk_in=1, clk_out=0
Time=1955000, clk_in=1, clk_out=0
Time=1965000, clk_in=1, clk_out=0
Time=1975000, clk_in=1, clk_out=1
Time=1985000, clk_in=1, clk_out=1
Time=1995000, clk_in=1, clk_out=1
Time=2005000, clk_in=1, clk_out=1
Time=2015000, clk_in=1, clk_out=1
Simulation complete via $finish(1) at time 2015 NS + 0
./tb_fdivider.v:39         $finish;
xcelium> exit
TOOL:	xmsim(64)	22.03-s012: Exiting on Oct 02, 2026 at 22:04:42 KST  (total: 00:00:00)
